\BOOKMARK [1][-]{section.1}{\376\377\000M\000e\000t\000h\000o\000d\000o\000l\000o\000g\000y}{}% 1
\BOOKMARK [2][-]{subsection.1.1}{\376\377\000G\000a\000t\000e\000d\000\040\000F\000e\000a\000t\000u\000r\000e\000\040\000A\000g\000g\000r\000e\000g\000a\000t\000i\000o\000n\000\040\000\050\000G\000F\000A\000M\000\051}{section.1}% 2
\BOOKMARK [2][-]{subsection.1.2}{\376\377\000H\000i\000g\000h\000-\000R\000e\000s\000o\000l\000u\000t\000i\000o\000n\000\040\000K\000n\000o\000w\000l\000e\000d\000g\000e\000\040\000D\000i\000s\000t\000i\000l\000l\000a\000t\000i\000o\000n\000\040\000\050\000H\000R\000-\000K\000D\000\051\000\040\000w\000i\000t\000h\000\040\000P\000r\000e\000-\000C\000a\000c\000h\000e\000d\000\040\000L\000o\000g\000i\000t\000s}{section.1}% 3
\BOOKMARK [2][-]{subsection.1.3}{\376\377\000M\000i\000x\000e\000d\000-\000R\000e\000s\000o\000l\000u\000t\000i\000o\000n\000\040\000I\000n\000f\000e\000r\000e\000n\000c\000e\000\040\000E\000n\000s\000e\000m\000b\000l\000i\000n\000g}{section.1}% 4
\BOOKMARK [2][-]{subsection.1.4}{\376\377\000N\000e\000u\000r\000o\000-\000S\000y\000m\000b\000o\000l\000i\000c\000\040\000G\000C\000N\000\040\000H\000e\000a\000d\000\040\000w\000i\000t\000h\000\040\000P\000h\000y\000l\000o\000g\000e\000n\000e\000t\000i\000c\000\040\000B\000l\000e\000n\000d\000i\000n\000g}{section.1}% 5
\BOOKMARK [2][-]{subsection.1.5}{\376\377\000H\000i\000e\000r\000a\000r\000c\000h\000i\000c\000a\000l\000\040\000T\000a\000x\000o\000n\000o\000m\000i\000c\000\040\000L\000o\000s\000s\000\040\000\050\000H\000T\000L\000\051}{section.1}% 6
\BOOKMARK [2][-]{subsection.1.6}{\376\377\000L\000o\000g\000i\000c\000a\000l\000\040\000R\000e\000a\000s\000o\000n\000i\000n\000g\000\040\000v\000i\000a\000\040\000L\000o\000o\000p\000y\000\040\000B\000e\000l\000i\000e\000f\000\040\000P\000r\000o\000p\000a\000g\000a\000t\000i\000o\000n\000\040\000\050\000B\000P\000\051}{section.1}% 7
\BOOKMARK [2][-]{subsection.1.7}{\376\377\000P\000h\000y\000s\000i\000c\000a\000l\000\040\000I\000d\000e\000n\000t\000i\000t\000y\000\040\000C\000o\000h\000e\000r\000e\000n\000c\000e\000\040\000\050\000D\000S\000U\000\040\000C\000l\000u\000s\000t\000e\000r\000i\000n\000g\000\051}{section.1}% 8
\BOOKMARK [2][-]{subsection.1.8}{\376\377\000T\000r\000a\000i\000n\000i\000n\000g\000\040\000R\000e\000s\000i\000l\000i\000e\000n\000c\000e}{section.1}% 9
\BOOKMARK [2][-]{subsection.1.9}{\376\377\000H\000i\000g\000h\000-\000T\000h\000r\000o\000u\000g\000h\000p\000u\000t\000\040\000V\000e\000c\000t\000o\000r\000i\000z\000e\000d\000\040\000M\000u\000l\000t\000i\000-\000S\000c\000a\000l\000e\000\040\000T\000T\000A}{section.1}% 10
\BOOKMARK [2][-]{subsection.1.10}{\376\377\000H\000i\000g\000h\000-\000S\000p\000e\000e\000d\000\040\000E\000x\000G\000\040\000V\000e\000g\000e\000t\000a\000t\000i\000o\000n\000\040\000A\000g\000g\000r\000e\000g\000a\000t\000i\000o\000n\000\040\000\050\000b\000a\000y\000e\000s\000i\000a\000n\000\137\000v\000e\000g\000\051}{section.1}% 11
\BOOKMARK [2][-]{subsection.1.11}{\376\377\000S\000A\000M\000\040\000N\000o\000i\000s\000e\000\040\000M\000a\000s\000k\000i\000n\000g}{section.1}% 12
\BOOKMARK [2][-]{subsection.1.12}{\376\377\000R\000e\000t\000r\000i\000e\000v\000a\000l\000-\000A\000u\000g\000m\000e\000n\000t\000e\000d\000\040\000C\000l\000a\000s\000s\000i\000f\000i\000c\000a\000t\000i\000o\000n\000\040\000\050\000R\000A\000C\000\051}{section.1}% 13
\BOOKMARK [2][-]{subsection.1.13}{\376\377\000D\000y\000n\000a\000m\000i\000c\000\040\000D\000o\000m\000a\000i\000n\000\040\000A\000d\000a\000p\000t\000a\000t\000i\000o\000n\000\040\000v\000i\000a\000\040\000T\000e\000s\000t\000-\000T\000i\000m\000e\000\040\000T\000r\000a\000i\000n\000i\000n\000g\000\040\000\050\000T\000T\000T\000\051}{section.1}% 14
\BOOKMARK [2][-]{subsection.1.14}{\376\377\000U\000n\000c\000e\000r\000t\000a\000i\000n\000t\000y\000-\000G\000a\000t\000e\000d\000\040\000S\000e\000l\000e\000c\000t\000i\000v\000e\000\040\000R\000e\000a\000s\000o\000n\000i\000n\000g}{section.1}% 15
\BOOKMARK [2][-]{subsection.1.15}{\376\377\000D\000o\000m\000a\000i\000n\000\040\000A\000l\000i\000g\000n\000m\000e\000n\000t\000\040\000v\000i\000a\000\040\000L\000U\000C\000A\000S\000\040\000S\000e\000l\000f\000-\000S\000u\000p\000e\000r\000v\000i\000s\000i\000o\000n}{section.1}% 16
\BOOKMARK [2][-]{subsection.1.16}{\376\377\000E\000x\000p\000l\000o\000r\000a\000t\000o\000r\000y\000\040\000N\000e\000u\000r\000o\000-\000S\000y\000m\000b\000o\000l\000i\000c\000\040\000P\000o\000s\000t\000-\000P\000r\000o\000c\000e\000s\000s\000i\000n\000g}{section.1}% 17
\BOOKMARK [2][-]{subsection.1.17}{\376\377\000T\000h\000e\000r\000m\000o\000d\000y\000n\000a\000m\000i\000c\000\040\000P\000h\000e\000n\000o\000l\000o\000g\000i\000c\000a\000l\000\040\000P\000r\000i\000o\000r\000s\000\040\000v\000i\000a\000\040\000B\000o\000l\000t\000z\000m\000a\000n\000n\000\040\000A\000c\000t\000i\000v\000a\000t\000i\000o\000n}{section.1}% 18
\BOOKMARK [2][-]{subsection.1.18}{\376\377\000S\000t\000a\000t\000i\000s\000t\000i\000c\000a\000l\000\040\000R\000i\000g\000o\000r\000\040\000v\000i\000a\000\040\000C\000o\000n\000f\000o\000r\000m\000a\000l\000\040\000P\000r\000e\000d\000i\000c\000t\000i\000o\000n}{section.1}% 19
\BOOKMARK [2][-]{subsection.1.19}{\376\377\000M\000e\000t\000a\000-\000L\000e\000a\000r\000n\000i\000n\000g\000\040\000v\000i\000a\000\040\000P\000r\000o\000t\000o\000t\000y\000p\000i\000c\000a\000l\000\040\000N\000e\000t\000w\000o\000r\000k\000s}{section.1}% 20
\BOOKMARK [2][-]{subsection.1.20}{\376\377\000F\000u\000s\000e\000d\000\040\000L\000o\000R\000A\000\040\000E\000n\000g\000i\000n\000e}{section.1}% 21
\BOOKMARK [2][-]{subsection.1.21}{\376\377\000P\000h\000y\000s\000i\000c\000s\000-\000I\000n\000f\000o\000r\000m\000e\000d\000\040\000P\000r\000e\000p\000r\000o\000c\000e\000s\000s\000i\000n\000g\000\040\000v\000i\000a\000\040\000M\000u\000l\000t\000i\000-\000S\000c\000a\000l\000e\000\040\000R\000e\000t\000i\000n\000e\000x\000\040\000\050\000M\000S\000R\000\051}{section.1}% 22
\BOOKMARK [2][-]{subsection.1.22}{\376\377\000P\000r\000o\000v\000a\000b\000l\000e\000\040\000M\000u\000l\000t\000i\000-\000L\000a\000b\000e\000l\000\040\000S\000e\000l\000e\000c\000t\000i\000o\000n\000\040\000v\000i\000a\000\040\000F\000r\000a\000n\000k\000-\000W\000o\000l\000f\000e\000\040\000w\000i\000t\000h\000\040\000I\000s\000l\000a\000n\000d\000\040\000B\000i\000o\000g\000e\000o\000g\000r\000a\000p\000h\000y\000\040\000P\000r\000i\000o\000r}{section.1}% 23
\BOOKMARK [2][-]{subsection.1.23}{\376\377\000D\000u\000a\000l\000i\000t\000y\000-\000D\000e\000r\000i\000v\000e\000d\000\040\000A\000s\000y\000m\000m\000e\000t\000r\000i\000c\000\040\000L\000o\000s\000s}{section.1}% 24
\BOOKMARK [2][-]{subsection.1.24}{\376\377\000H\000i\000e\000r\000a\000r\000c\000h\000i\000c\000a\000l\000\040\000C\000a\000l\000i\000b\000r\000a\000t\000i\000o\000n\000\040\000v\000i\000a\000\040\000P\000A\000V\000-\000T\000r\000e\000e}{section.1}% 25
\BOOKMARK [2][-]{subsection.1.25}{\376\377\000S\000u\000b\000m\000o\000d\000u\000l\000a\000r\000\040\000T\000i\000l\000e\000\040\000S\000e\000l\000e\000c\000t\000i\000o\000n}{section.1}% 26
\BOOKMARK [1][-]{section.2}{\376\377\000E\000x\000p\000e\000r\000i\000m\000e\000n\000t\000s}{}% 27
\BOOKMARK [2][-]{subsection.2.1}{\376\377\000A\000n\000c\000h\000o\000r\000\040\000a\000n\000d\000\040\000W\000i\000t\000h\000i\000n\000-\000B\000a\000c\000k\000b\000o\000n\000e\000\040\000S\000a\000t\000u\000r\000a\000t\000i\000o\000n}{section.2}% 28
\BOOKMARK [2][-]{subsection.2.2}{\376\377\000P\000i\000v\000o\000t\000\040\0001\000:\000\040\000T\000r\000i\000p\000l\000e\000-\000B\000a\000c\000k\000b\000o\000n\000e\000\040\000C\000l\000a\000s\000s\000i\000f\000i\000e\000r\000\040\000R\000e\000t\000r\000a\000i\000n\000i\000n\000g\000\040\000\050\000c\000R\000T\000\051}{section.2}% 29
\BOOKMARK [2][-]{subsection.2.3}{\376\377\000P\000i\000v\000o\000t\000\040\0002\000:\000\040\000G\000e\000n\000u\000s\000\040\000/\000\040\000F\000a\000m\000i\000l\000y\000\040\000C\000o\000-\000o\000c\000c\000u\000r\000r\000e\000n\000c\000e\000\040\000R\000e\000r\000a\000n\000k\000i\000n\000g}{section.2}% 30
\BOOKMARK [2][-]{subsection.2.4}{\376\377\000P\000i\000v\000o\000t\000\040\0003\000:\000\040\000T\000h\000e\000r\000m\000o\000d\000y\000n\000a\000m\000i\000c\000\040\000P\000h\000e\000n\000o\000l\000o\000g\000i\000c\000a\000l\000\040\000P\000r\000i\000o\000r}{section.2}% 31
\BOOKMARK [2][-]{subsection.2.5}{\376\377\000A\000g\000g\000r\000e\000g\000a\000t\000e\000\040\000R\000e\000s\000u\000l\000t\000s}{section.2}% 32
\BOOKMARK [1][-]{section.3}{\376\377\000D\000i\000s\000c\000u\000s\000s\000i\000o\000n}{}% 33
\BOOKMARK [1][-]{section.4}{\376\377\000F\000i\000n\000a\000l\000\040\000S\000u\000b\000m\000i\000s\000s\000i\000o\000n\000\040\000S\000t\000r\000a\000t\000e\000g\000y}{}% 34
\BOOKMARK [1][-]{section.5}{\376\377\000F\000u\000t\000u\000r\000e\000\040\000W\000o\000r\000k}{}% 35
\BOOKMARK [2][-]{subsection.5.1}{\376\377\000A\000g\000e\000n\000t\000i\000c\000\040\000L\000L\000M\000\040\000A\000r\000b\000i\000t\000e\000r\000\040\000\050\000V\000i\000s\000u\000a\000l\000\040\000C\000h\000a\000i\000n\000\040\000o\000f\000\040\000T\000h\000o\000u\000g\000h\000t\000\051}{section.5}% 36
\BOOKMARK [2][-]{subsection.5.2}{\376\377\000G\000l\000o\000b\000a\000l\000\040\000F\000i\000l\000t\000e\000r\000\040\000N\000e\000t\000w\000o\000r\000k\000s\000\040\000\050\000G\000F\000N\000e\000t\000\051\000\040\000\046\000\040\000S\000p\000e\000c\000t\000r\000a\000l\000\040\000V\000i\000s\000i\000o\000n}{section.5}% 37
\BOOKMARK [2][-]{subsection.5.3}{\376\377\000A\000s\000y\000n\000c\000h\000r\000o\000n\000o\000u\000s\000\040\000S\000e\000l\000f\000-\000H\000e\000a\000l\000i\000n\000g\000\040\000N\000e\000u\000r\000a\000l\000\040\000N\000e\000t\000w\000o\000r\000k\000s}{section.5}% 38
\BOOKMARK [2][-]{subsection.5.4}{\376\377\000E\000l\000a\000s\000t\000i\000c\000/\000F\000u\000n\000n\000e\000l\000\040\000H\000a\000s\000h\000i\000n\000g\000\040\000f\000o\000r\000\040\000Z\000e\000r\000o\000-\000R\000A\000M\000\040\000M\000e\000t\000a\000d\000a\000t\000a\000\040\000I\000n\000d\000e\000x\000i\000n\000g}{section.5}% 39
\BOOKMARK [2][-]{subsection.5.5}{\376\377\000E\000x\000t\000r\000e\000m\000e\000\040\000M\000e\000m\000o\000r\000y\000-\000C\000o\000n\000s\000t\000r\000a\000i\000n\000e\000d\000\040\000C\000o\000m\000p\000u\000t\000i\000n\000g\000:\000\040\000S\000q\000u\000a\000r\000e\000-\000R\000o\000o\000t\000\040\000S\000p\000a\000c\000e\000\040\000L\000o\000g\000i\000c\000\040\000E\000v\000a\000l\000u\000a\000t\000i\000o\000n}{section.5}% 40
